T2D80 27719:765.344   SEGGER J-Link V7.52a Log File
T2D80 27719:765.548   DLL Compiled: Jul 28 2021 11:08:12
T2D80 27719:765.709   Logging started @ 2024-07-26 12:59
T2D80 27719:765.861 - 3040961.046ms
T2D80 27719:779.004 JLINK_ExecCommand("Device = ATSAM4E16C", ...). 
T2D80 27719:779.657   Device "ATSAM4E16C" selected.
T2D80 27719:780.569 - 1.506ms returns 0x00
T2D80 27719:806.669 JLINK_TIF_Select(JLINKARM_TIF_SWD)
T2D80 27719:807.982 - 1.648ms returns 0x00
T2D80 27719:808.412 JLINK_SetSpeed(4000)
T2D80 27719:808.879 - 0.601ms
T2D80 27719:809.123 JLINK_ResetPullsRESET(OFF)
T2D80 27719:809.368 - 0.321ms
T2D80 27719:809.521 JLINK_Connect()
T2D80 27719:810.550   Found SW-DP with ID 0x2BA01477
T2D80 27719:813.386   DPIDR: 0x2BA01477
T2D80 27719:813.768   Scanning AP map to find all available APs
T2D80 27719:814.524   AP[1]: Stopped AP scan as end of AP map has been reached
T2D80 27719:814.684   AP[0]: AHB-AP (IDR: 0x24770011)
T2D80 27719:814.827   Iterating through AP map to find AHB-AP to use
T2D80 27719:815.479   AP[0]: Core found
T2D80 27719:815.640   AP[0]: AHB-AP ROM base: 0xE00FF000
T2D80 27719:816.114   CPUID register: 0x410FC241. Implementer code: 0x41 (ARM)
T2D80 27719:816.334   Found Cortex-M4 r0p1, Little endian.
T2D80 27719:917.173   -- Max. mem block: 0x00004E78
T2D80 27719:917.402   CPU_ReadMem(4 bytes @ 0xE000EDF0)
T2D80 27719:917.778   CPU_WriteMem(4 bytes @ 0xE000EDF0)
T2D80 27719:918.136   CPU_ReadMem(4 bytes @ 0xE0002000)
T2D80 27719:918.517   FPUnit: 6 code (BP) slots and 2 literal slots
T2D80 27719:918.627   CPU_ReadMem(4 bytes @ 0xE000EDFC)
T2D80 27719:919.022   CPU_WriteMem(4 bytes @ 0xE000EDFC)
T2D80 27719:919.400   CPU_ReadMem(4 bytes @ 0xE0001000)
T2D80 27719:919.732   CPU_WriteMem(4 bytes @ 0xE0001000)
T2D80 27719:920.059   CPU_ReadMem(4 bytes @ 0xE000ED88)
T2D80 27719:920.405   CPU_WriteMem(4 bytes @ 0xE000ED88)
T2D80 27719:920.770   CPU_ReadMem(4 bytes @ 0xE000ED88)
T2D80 27719:921.109   CPU_WriteMem(4 bytes @ 0xE000ED88)
T2D80 27719:922.273   CoreSight components:
T2D80 27719:922.534   ROMTbl[0] @ E00FF000
T2D80 27719:922.656   CPU_ReadMem(64 bytes @ 0xE00FF000)
T2D80 27719:923.269   CPU_ReadMem(32 bytes @ 0xE000EFE0)
T2D80 27719:923.931   ROMTbl[0][0]: E000E000, CID: B105E00D, PID: 000BB00C SCS-M7
T2D80 27719:924.337   CPU_ReadMem(32 bytes @ 0xE0001FE0)
T2D80 27719:925.149   ROMTbl[0][1]: E0001000, CID: B105E00D, PID: 003BB002 DWT
T2D80 27719:925.391   CPU_ReadMem(32 bytes @ 0xE0002FE0)
T2D80 27719:925.987   ROMTbl[0][2]: E0002000, CID: B105E00D, PID: 002BB003 FPB
T2D80 27719:926.125   CPU_ReadMem(32 bytes @ 0xE0000FE0)
T2D80 27719:926.627   ROMTbl[0][3]: E0000000, CID: B105E00D, PID: 003BB001 ITM
T2D80 27719:926.761   CPU_ReadMem(32 bytes @ 0xE0040FE0)
T2D80 27719:927.214   ROMTbl[0][4]: E0040000, CID: B105900D, PID: 000BB9A1 TPIU
T2D80 27719:927.359 - 117.879ms returns 0x00
T2D80 27719:927.653 JLINK_Halt()
T2D80 27719:929.680 - 2.084ms returns 0x00
T2D80 27719:929.897 JLINK_BeginDownload(Flags = 0x00000000)
T2D80 27719:929.974 - 0.134ms
T2D80 27719:930.174 JLINK_WriteMem(0x400E0A04, 0x4 Bytes, ...)
T2D80 27719:930.248   Data:  0B 01 00 5A
T2D80 27719:930.747   CPU_WriteMem(4 bytes @ 0x400E0A04)
T2D80 27719:931.136 - 1.008ms returns 0x4
T2D80 27719:931.283 JLINK_EndDownload()
T2D80 27719:931.363 - 0.134ms returns 0 (0x0)
T2D80 27719:931.456 JLINK_ReadMemHW(0x400E0A08, 0x0004 Bytes, ...)
T2D80 27719:931.573   CPU_ReadMem(4 bytes @ 0x400E0A08)
T2D80 27719:931.904   Data:  01 00 00 00
T2D80 27719:932.010 - 0.586ms returns 0
T2D80 27719:932.640 JLINK_SetResetType(JLINKARM_CM3_RESET_TYPE_NORMAL)
T2D80 27719:932.728 - 0.124ms returns JLINKARM_CM3_RESET_TYPE_NORMAL
T2D80 27719:932.807 JLINK_Reset()
T2D80 27719:933.155   CPU_ReadMem(16 bytes @ 0x20000000)
T2D80 27719:933.556   CPU_WriteMem(16 bytes @ 0x20000000)
T2D80 27719:933.958   CPU_ReadMem(4 bytes @ 0xE000EDFC)
T2D80 27719:934.305   CPU_WriteMem(4 bytes @ 0xE000EDFC)
T2D80 27719:934.657   CPU_ReadMem(4 bytes @ 0xE0001000)
T2D80 27719:948.505   CPU_WriteMem(4 bytes @ 0xE000EDFC)
T2D80 27719:949.001   CPU_WriteMem(16 bytes @ 0x20000000)
T2D80 27719:951.392   CPU_WriteMem(4 bytes @ 0xE0002000)
T2D80 27719:951.756   CPU_ReadMem(4 bytes @ 0xE000EDFC)
T2D80 27719:952.088   CPU_ReadMem(4 bytes @ 0xE0001000)
T2D80 27719:952.439 - 19.675ms
T2D80 27719:958.962 JLINK_JTAG_GetDeviceID(DeviceIndex = 0)
T2D80 27719:959.062 - 0.137ms returns 0
T2D80 27719:959.146 JLINK_ReadMemU32(0x400E0740, 0x1 Items)
T2D80 27719:959.239   CPU_ReadMem(4 bytes @ 0x400E0740)
T2D80 27719:959.601   Data:  E0 0C CC A3
T2D80 27719:959.715 - 0.606ms returns 1 (0x1)
T2D80 27719:960.384 JLINK_ReadMemU32(0x400E0744, 0x1 Items)
T2D80 27719:960.488   CPU_ReadMem(4 bytes @ 0x400E0744)
T2D80 27719:960.850   Data:  01 02 12 00
T2D80 27719:960.974 - 0.627ms returns 1 (0x1)
T2D28 27719:967.154 JLINK_IsHalted()
T2D28 27719:967.266 - 0.153ms returns TRUE
T2D28 27719:967.354 JLINK_GetMOEs(...)
T2D28 27719:967.437   CPU_ReadMem(4 bytes @ 0xE000ED30)
T2D28 27719:967.793 - 0.615ms returns 0x01
T2D28 27719:968.056 JLINK_ReadReg(R15 (PC))
T2D28 27719:968.200 - 0.200ms returns 0x0040F3FC
T2D80 27720:135.760 JLINK_BeginDownload(Flags = 0x00000000)
T2D80 27720:136.030 - 0.307ms
T2D80 27720:136.230 JLINK_WriteMem(0x00400000, 0x4000 Bytes, ...)
T2D80 27720:136.320   Data:  A0 58 01 20 B9 F2 40 00 B5 F2 40 00 B5 F2 40 00 ...
T2D80 27720:137.159   completely In flash
T2D80 27720:137.329    -- Read from flash cache (16384 bytes @ 0x00400000)
T2D80 27720:137.448 - 1.253ms returns 0x4000
T2D80 27720:137.593 JLINK_WriteMem(0x00404000, 0x1D234 Bytes, ...)
T2D80 27720:137.698   Data:  07 2A 7F F6 73 AE 19 2B 7F F4 8F AB 1D 22 17 4B ...
T2D80 27720:137.954   completely In flash
T2D80 27720:138.491    -- Read from flash cache (119348 bytes @ 0x00404000)
T2D80 27720:138.645 - 1.087ms returns 0x1D234
T2D80 27720:140.193 JLINK_WriteMem(0x00421234, 0x8 Bytes, ...)
T2D80 27720:140.309   Data:  40 F2 FF 7F 01 00 00 00
T2D80 27720:140.426   completely In flash
T2D80 27720:140.699 - 0.547ms returns 0x8
T2D80 27720:142.524 JLINK_WriteMem(0x0042123C, 0xAE8 Bytes, ...)
T2D80 27720:142.617   Data:  BF F3 5F 8F 01 38 FB D1 70 47 01 00 01 00 00 00 ...
T2D80 27720:142.730   completely In flash
T2D80 27720:142.843    -- Read from flash cache (2792 bytes @ 0x0042123C)
T2D80 27720:142.950 - 0.468ms returns 0xAE8
T2D28 27720:173.905 JLINK_IsHalted()
T2D28 27720:174.119 - 0.257ms returns TRUE
T2D28 27720:379.684 JLINK_IsHalted()
T2D28 27720:379.790 - 0.141ms returns TRUE
T2D80 27720:380.677 JLINK_EndDownload()
T2D80 27720:380.919   CPU_ReadMem(4 bytes @ 0xE000ED90)
T2D80 27720:381.275   CPU_ReadMem(4 bytes @ 0xE000ED94)
T2D80 27720:381.650    -- --------------------------------------
T2D80 27720:381.761   Flash bank @ 0x00400000: Default: L2 verify disabled because algorithm performs L1 verify
T2D80 27720:381.838    -- Start of determining dirty areas in flash cache
T2D80 27720:382.132    -- End of determining dirty areas
T2D80 27720:382.211    -- Start of preparing flash programming
T2D80 27720:382.287    -- Calculating RAM usage
T2D80 27720:382.379    -- RAM usage = 10020 Bytes
T2D80 27720:382.456    -- Preserving CPU registers
T2D80 27720:382.551    -- Preparing memory
T2D80 27720:382.631    -- Preparing target
T2D80 27720:537.855    -- Preserving target RAM temporarily used for programming
T2D80 27720:572.369    -- Downloading RAMCode
T2D80 27720:583.001    -- Preparing RAMCode
T2D80 27720:588.302    -- Checking target RAM
T2D80 27720:589.938    -- End of preparing flash programming
T2D80 27720:590.428   Looking for J-Link GUI Server exe at: C:\Program Files (x86)\Atmel\Studio\7.0\atbackend\JLinkGUIServer.exe
T2D80 27720:590.823   Looking for J-Link GUI Server exe at: \JLinkGUIServer.exe
T2D80 27720:893.190   Failed to connect to J-Link GUI Server.
T2D80 27720:911.303    -- CPU is running at 90000 kHz.
T2D80 27720:911.438    -- Start of comparing flash
T2D80 27720:911.544    -- CRC check was estimated as fastest method
T2D80 27720:912.780    -- Comparing range 0x400000 - 0x41FFFF (32 Sectors, 128 KiB), using multi-block CRC calculation
T2D80 27720:923.672    -- CRC does not match for sectors 0-31
T2D80 27720:923.797    -- Comparing range 0x420000 - 0x421FFF (2 Sectors, 8 KiB), using multi-block CRC calculation
T2D80 27720:925.019    -- CRC does not match for sectors 0-1
T2D80 27720:925.149    -- End of comparing flash
T2D80 27720:925.257    -- Start of erasing sectors
T2D80 27720:925.370    -- Erasing range 0x00400000 - 0x00407FFF (  8 Sectors, 32 KB)
T2D80 27721:096.141    -- Erasing range 0x00408000 - 0x0040FFFF (  8 Sectors, 32 KB)
T2D80 27721:268.604    -- Erasing range 0x00410000 - 0x00417FFF (  8 Sectors, 32 KB)
T2D80 27721:429.231    -- Erasing range 0x00418000 - 0x0041FFFF (  8 Sectors, 32 KB)
T2D80 27721:598.600    -- Erasing range 0x00420000 - 0x00421FFF (  2 Sectors, 8 KB)
T2D80 27721:634.688    -- End of erasing sectors
T2D80 27721:634.854    -- Start of flash programming
T2D80 27721:634.970    -- Programming range 0x00400000 - 0x00407FFF (  8 Sectors, 32 KB)
T2D80 27721:734.755    -- Programming range 0x00408000 - 0x0040FFFF (  8 Sectors, 32 KB)
T2D80 27721:849.634    -- Programming range 0x00410000 - 0x00417FFF (  8 Sectors, 32 KB)
T2D80 27721:964.670    -- Programming range 0x00418000 - 0x0041FFFF (  8 Sectors, 32 KB)
T2D80 27722:081.073    -- Programming range 0x00420000 - 0x00421FFF (  2 Sectors, 8 KB)
T2D80 27722:113.211    -- End of flash programming
T2D80 27722:113.517    -- 0x400000 - 0x421FFF ( 34 Sectors, 136 KoB)
T2D80 27722:113.769    -- Start of restoring
T2D80 27722:114.024    -- Restoring RAMCode
T2D80 27722:142.349    -- Restoring target memory
T2D80 27722:175.734    -- Restore target
T2D80 27722:227.954    -- Restore memory
T2D80 27722:228.159    -- Restoring CPU registers
T2D80 27722:228.472    -- End of restoring
T2D80 27722:228.883    -- Bank 0 @ 0x00400000: 1 range affected (139264 bytes)
T2D80 27722:229.333    -- Total: 1.846s (Prepare: 0.529s, Compare: 0.013s, Erase: 0.709s, Program & Verify: 0.504s, Restore: 0.089s)
T2D80 27722:229.845    -- Program & Verify speed: 270 KiB/s
T2D80 27722:236.015 - 1855.597ms returns 139264 (0x22000)
T2D80 27722:237.315 JLINK_ResetPullsRESET(ON)
T2D80 27722:237.572 - 0.373ms
T2D80 27722:238.586 JLINK_ResetNoHalt()
T2D80 27722:240.316   Found SW-DP with ID 0x2BA01477
T2D80 27722:242.725   DPIDR: 0x2BA01477
T2D80 27722:243.264   AP map detection skipped. Manually configured AP map found.
T2D80 27722:243.949   AP[0]: AHB-AP (IDR: Not set)
T2D80 27722:245.142   AP[0]: Core found
T2D80 27722:245.671   AP[0]: AHB-AP ROM base: 0xE00FF000
T2D80 27722:246.551   CPUID register: 0x410FC241. Implementer code: 0x41 (ARM)
T2D80 27722:247.032   Found Cortex-M4 r0p1, Little endian.
T2D80 27722:347.964   -- Max. mem block: 0x00004B48
T2D80 27722:348.104   CPU_ReadMem(4 bytes @ 0xE000EDF0)
T2D80 27722:348.599   CPU_ReadMem(4 bytes @ 0xE0002000)
T2D80 27722:349.178   FPUnit: 6 code (BP) slots and 2 literal slots
T2D80 27722:349.300   CPU_ReadMem(4 bytes @ 0xE000EDFC)
T2D80 27722:349.755   CPU_ReadMem(4 bytes @ 0xE0001000)
T2D80 27722:350.237   CPU_ReadMem(4 bytes @ 0xE000ED88)
T2D80 27722:350.749   CPU_WriteMem(4 bytes @ 0xE000ED88)
T2D80 27722:351.239   CPU_ReadMem(4 bytes @ 0xE000ED88)
T2D80 27722:351.779   CPU_WriteMem(4 bytes @ 0xE000ED88)
T2D80 27722:352.266   CoreSight components:
T2D80 27722:352.408   ROMTbl[0] @ E00FF000
T2D80 27722:352.600   CPU_ReadMem(64 bytes @ 0xE00FF000)
T2D80 27722:353.286   CPU_ReadMem(32 bytes @ 0xE000EFE0)
T2D80 27722:353.888   ROMTbl[0][0]: E000E000, CID: B105E00D, PID: 000BB00C SCS-M7
T2D80 27722:354.015   CPU_WriteMem(4 bytes @ 0xE0001000)
T2D80 27722:354.560   CPU_ReadMem(32 bytes @ 0xE0001FE0)
T2D80 27722:355.123   ROMTbl[0][1]: E0001000, CID: B105E00D, PID: 003BB002 DWT
T2D80 27722:355.366   CPU_ReadMem(32 bytes @ 0xE0002FE0)
T2D80 27722:355.993   ROMTbl[0][2]: E0002000, CID: B105E00D, PID: 002BB003 FPB
T2D80 27722:356.132   CPU_ReadMem(32 bytes @ 0xE0000FE0)
T2D80 27722:356.769   ROMTbl[0][3]: E0000000, CID: B105E00D, PID: 003BB001 ITM
T2D80 27722:356.907   CPU_ReadMem(32 bytes @ 0xE0040FE0)
T2D80 27722:357.560   ROMTbl[0][4]: E0040000, CID: B105900D, PID: 000BB9A1 TPIU
T2D80 27722:357.718   JLINK_Reset()
T2D80 27722:358.152     CPU_ReadMem(16 bytes @ 0x20000000)
T2D80 27722:358.654     CPU_WriteMem(16 bytes @ 0x20000000)
T2D80 27722:359.140     CPU_ReadMem(4 bytes @ 0xE000EDFC)
T2D80 27722:359.581     CPU_WriteMem(4 bytes @ 0xE000EDFC)
T2D80 27722:360.034     CPU_ReadMem(4 bytes @ 0xE0001000)
T2D80 27722:374.771     CPU_WriteMem(4 bytes @ 0xE000EDFC)
T2D80 27722:375.254     CPU_WriteMem(16 bytes @ 0x20000000)
T2D80 27722:377.990     CPU_WriteMem(4 bytes @ 0xE0002000)
T2D80 27722:378.538     CPU_ReadMem(4 bytes @ 0xE000EDFC)
T2D80 27722:379.390     CPU_ReadMem(4 bytes @ 0xE0001000)
T2D80 27722:380.155   - 22.542ms
T2D80 27722:380.336   JLINK_Go()
T2D80 27722:380.457     CPU_ReadMem(4 bytes @ 0xE0001000)
T2D80 27722:380.922     CPU_WriteMem(4 bytes @ 0xE0001004)
T2D80 27722:381.874   - 1.590ms
T2D80 27722:381.965 - 143.415ms
T2D80 27722:390.061 JLINK_Close()
T2D80 27722:404.544 - 14.576ms
T2D80 27722:404.782   
T2D80 27722:404.926   Closed
