T2D80 30828:708.594   SEGGER J-Link V7.52a Log File
T2D80 30828:708.801   DLL Compiled: Jul 28 2021 11:08:12
T2D80 30828:708.972   Logging started @ 2024-07-26 13:51
T2D80 30828:709.142 - 3106157.266ms
T2D80 30828:723.592 JLINK_ExecCommand("Device = ATSAM4E16C", ...). 
T2D80 30828:724.355   Device "ATSAM4E16C" selected.
T2D80 30828:725.372 - 1.669ms returns 0x00
T2D80 30828:753.777 JLINK_TIF_Select(JLINKARM_TIF_SWD)
T2D80 30828:754.737 - 1.049ms returns 0x00
T2D80 30828:754.893 JLINK_SetSpeed(4000)
T2D80 30828:755.157 - 0.352ms
T2D80 30828:755.309 JLINK_ResetPullsRESET(OFF)
T2D80 30828:755.418 - 0.162ms
T2D80 30828:755.529 JLINK_Connect()
T2D80 30828:756.387   Found SW-DP with ID 0x2BA01477
T2D80 30828:758.827   DPIDR: 0x2BA01477
T2D80 30828:759.481   Scanning AP map to find all available APs
T2D80 30828:760.120   AP[1]: Stopped AP scan as end of AP map has been reached
T2D80 30828:760.308   AP[0]: AHB-AP (IDR: 0x24770011)
T2D80 30828:760.446   Iterating through AP map to find AHB-AP to use
T2D80 30828:761.293   AP[0]: Core found
T2D80 30828:761.445   AP[0]: AHB-AP ROM base: 0xE00FF000
T2D80 30828:761.869   CPUID register: 0x410FC241. Implementer code: 0x41 (ARM)
T2D80 30828:762.014   Found Cortex-M4 r0p1, Little endian.
T2D80 30828:863.576   -- Max. mem block: 0x00004E78
T2D80 30828:863.840   CPU_ReadMem(4 bytes @ 0xE000EDF0)
T2D80 30828:864.315   CPU_WriteMem(4 bytes @ 0xE000EDF0)
T2D80 30828:864.684   CPU_ReadMem(4 bytes @ 0xE0002000)
T2D80 30828:865.114   FPUnit: 6 code (BP) slots and 2 literal slots
T2D80 30828:865.229   CPU_ReadMem(4 bytes @ 0xE000EDFC)
T2D80 30828:865.604   CPU_WriteMem(4 bytes @ 0xE000EDFC)
T2D80 30828:865.957   CPU_ReadMem(4 bytes @ 0xE0001000)
T2D80 30828:866.312   CPU_WriteMem(4 bytes @ 0xE0001000)
T2D80 30828:866.687   CPU_ReadMem(4 bytes @ 0xE000ED88)
T2D80 30828:867.061   CPU_WriteMem(4 bytes @ 0xE000ED88)
T2D80 30828:867.403   CPU_ReadMem(4 bytes @ 0xE000ED88)
T2D80 30828:867.734   CPU_WriteMem(4 bytes @ 0xE000ED88)
T2D80 30828:868.104   CoreSight components:
T2D80 30828:868.295   ROMTbl[0] @ E00FF000
T2D80 30828:868.401   CPU_ReadMem(64 bytes @ 0xE00FF000)
T2D80 30828:868.919   CPU_ReadMem(32 bytes @ 0xE000EFE0)
T2D80 30828:869.389   ROMTbl[0][0]: E000E000, CID: B105E00D, PID: 000BB00C SCS-M7
T2D80 30828:869.538   CPU_ReadMem(32 bytes @ 0xE0001FE0)
T2D80 30828:870.129   ROMTbl[0][1]: E0001000, CID: B105E00D, PID: 003BB002 DWT
T2D80 30828:870.239   CPU_ReadMem(32 bytes @ 0xE0002FE0)
T2D80 30828:870.803   ROMTbl[0][2]: E0002000, CID: B105E00D, PID: 002BB003 FPB
T2D80 30828:870.913   CPU_ReadMem(32 bytes @ 0xE0000FE0)
T2D80 30828:871.456   ROMTbl[0][3]: E0000000, CID: B105E00D, PID: 003BB001 ITM
T2D80 30828:871.569   CPU_ReadMem(32 bytes @ 0xE0040FE0)
T2D80 30828:872.180   ROMTbl[0][4]: E0040000, CID: B105900D, PID: 000BB9A1 TPIU
T2D80 30828:872.298 - 116.804ms returns 0x00
T2D80 30828:872.433 JLINK_Halt()
T2D80 30828:874.649 - 2.277ms returns 0x00
T2D80 30828:874.969 JLINK_BeginDownload(Flags = 0x00000000)
T2D80 30828:875.068 - 0.133ms
T2D80 30828:875.176 JLINK_WriteMem(0x400E0A04, 0x4 Bytes, ...)
T2D80 30828:875.255   Data:  0B 01 00 5A
T2D80 30828:875.764   CPU_WriteMem(4 bytes @ 0x400E0A04)
T2D80 30828:876.161 - 1.186ms returns 0x4
T2D80 30828:876.468 JLINK_EndDownload()
T2D80 30828:876.574 - 0.144ms returns 0 (0x0)
T2D80 30828:876.656 JLINK_ReadMemHW(0x400E0A08, 0x0004 Bytes, ...)
T2D80 30828:876.740   CPU_ReadMem(4 bytes @ 0x400E0A08)
T2D80 30828:877.098   Data:  01 00 00 00
T2D80 30828:877.207 - 0.584ms returns 0
T2D80 30828:877.322 JLINK_SetResetType(JLINKARM_CM3_RESET_TYPE_NORMAL)
T2D80 30828:877.393 - 0.118ms returns JLINKARM_CM3_RESET_TYPE_NORMAL
T2D80 30828:877.491 JLINK_Reset()
T2D80 30828:877.813   CPU_ReadMem(16 bytes @ 0x20000000)
T2D80 30828:878.241   CPU_WriteMem(16 bytes @ 0x20000000)
T2D80 30828:878.632   CPU_ReadMem(4 bytes @ 0xE000EDFC)
T2D80 30828:878.982   CPU_WriteMem(4 bytes @ 0xE000EDFC)
T2D80 30828:879.335   CPU_ReadMem(4 bytes @ 0xE0001000)
T2D80 30828:893.123   CPU_WriteMem(4 bytes @ 0xE000EDFC)
T2D80 30828:893.587   CPU_WriteMem(16 bytes @ 0x20000000)
T2D80 30828:895.967   CPU_WriteMem(4 bytes @ 0xE0002000)
T2D80 30828:896.354   CPU_ReadMem(4 bytes @ 0xE000EDFC)
T2D80 30828:896.691   CPU_ReadMem(4 bytes @ 0xE0001000)
T2D80 30828:897.028 - 19.579ms
T2D80 30828:900.415 JLINK_JTAG_GetDeviceID(DeviceIndex = 0)
T2D80 30828:900.540 - 0.163ms returns 0
T2D80 30828:900.623 JLINK_ReadMemU32(0x400E0740, 0x1 Items)
T2D80 30828:900.716   CPU_ReadMem(4 bytes @ 0x400E0740)
T2D80 30828:901.168   Data:  E0 0C CC A3
T2D80 30828:901.294 - 0.710ms returns 1 (0x1)
T2D80 30828:901.549 JLINK_ReadMemU32(0x400E0744, 0x1 Items)
T2D80 30828:901.644   CPU_ReadMem(4 bytes @ 0x400E0744)
T2D80 30828:902.002   Data:  01 02 12 00
T2D80 30828:902.126 - 0.616ms returns 1 (0x1)
T35A4 30828:912.226 JLINK_IsHalted()
T35A4 30828:912.331 - 0.143ms returns TRUE
T35A4 30828:912.414 JLINK_GetMOEs(...)
T35A4 30828:912.497   CPU_ReadMem(4 bytes @ 0xE000ED30)
T35A4 30828:912.878 - 0.512ms returns 0x01
T35A4 30828:912.976 JLINK_ReadReg(R15 (PC))
T35A4 30828:913.061 - 0.121ms returns 0x0040F2B8
T2D80 30829:087.482 JLINK_BeginDownload(Flags = 0x00000000)
T2D80 30829:087.610 - 0.172ms
T2D80 30829:087.730 JLINK_WriteMem(0x00400000, 0x4000 Bytes, ...)
T2D80 30829:087.801   Data:  A0 58 01 20 BD EF 40 00 B9 EF 40 00 B9 EF 40 00 ...
T2D80 30829:088.979   completely In flash
T2D80 30829:089.330    -- Read from flash cache (16384 bytes @ 0x00400000)
T2D80 30829:089.445 - 1.750ms returns 0x4000
T2D80 30829:089.681 JLINK_WriteMem(0x00404000, 0x1CAB4 Bytes, ...)
T2D80 30829:089.756   Data:  07 2A 7F F6 73 AE 19 2B 7F F4 8F AB 1D 22 17 4B ...
T2D80 30829:089.992   completely In flash
T2D80 30829:090.408    -- Read from flash cache (117428 bytes @ 0x00404000)
T2D80 30829:090.586 - 0.941ms returns 0x1CAB4
T2D80 30829:091.005 JLINK_WriteMem(0x00420AB4, 0x8 Bytes, ...)
T2D80 30829:091.085   Data:  C0 F6 FF 7F 01 00 00 00
T2D80 30829:091.217   completely In flash
T2D80 30829:091.329 - 0.363ms returns 0x8
T2D80 30829:091.775 JLINK_WriteMem(0x00420ABC, 0xAE8 Bytes, ...)
T2D80 30829:091.852   Data:  BF F3 5F 8F 01 38 FB D1 70 47 01 00 01 00 00 00 ...
T2D80 30829:091.976   completely In flash
T2D80 30829:092.086    -- Read from flash cache (2792 bytes @ 0x00420ABC)
T2D80 30829:092.189 - 0.447ms returns 0xAE8
T35A4 30829:113.558 JLINK_IsHalted()
T35A4 30829:113.663 - 0.141ms returns TRUE
T35A4 30829:314.124 JLINK_IsHalted()
T35A4 30829:314.216 - 0.119ms returns TRUE
T2D80 30829:314.959 JLINK_EndDownload()
T2D80 30829:315.264   CPU_ReadMem(4 bytes @ 0xE000ED90)
T2D80 30829:315.643   CPU_ReadMem(4 bytes @ 0xE000ED94)
T2D80 30829:316.056    -- --------------------------------------
T2D80 30829:316.146   Flash bank @ 0x00400000: Default: L2 verify disabled because algorithm performs L1 verify
T2D80 30829:316.226    -- Start of determining dirty areas in flash cache
T2D80 30829:317.257    -- End of determining dirty areas
T2D80 30829:317.394    -- Start of preparing flash programming
T2D80 30829:317.518    -- Calculating RAM usage
T2D80 30829:317.660    -- RAM usage = 10020 Bytes
T2D80 30829:317.781    -- Preserving CPU registers
T2D80 30829:317.929    -- Preparing memory
T2D80 30829:318.149    -- Preparing target
T2D80 30829:472.871    -- Preserving target RAM temporarily used for programming
T2D80 30829:507.377    -- Downloading RAMCode
T2D80 30829:518.104    -- Preparing RAMCode
T2D80 30829:521.967    -- Checking target RAM
T2D80 30829:523.993    -- End of preparing flash programming
T2D80 30829:524.413   Looking for J-Link GUI Server exe at: C:\Program Files (x86)\Atmel\Studio\7.0\atbackend\JLinkGUIServer.exe
T2D80 30829:524.742   Looking for J-Link GUI Server exe at: \JLinkGUIServer.exe
T2D80 30829:825.123   Failed to connect to J-Link GUI Server.
T2D80 30829:871.138    -- CPU is running at 90000 kHz.
T2D80 30829:871.279    -- Start of comparing flash
T2D80 30829:871.418    -- CRC check was estimated as fastest method
T2D80 30829:871.541    -- Comparing range 0x400000 - 0x41FFFF (32 Sectors, 128 KiB), using multi-block CRC calculation
T2D80 30829:881.860    -- CRC does not match for sectors 0, 4-31
T2D80 30829:882.688    -- Comparing range 0x420000 - 0x421FFF (2 Sectors, 8 KiB), using multi-block CRC calculation
T2D80 30829:884.037    -- CRC does not match for sectors 0-1
T2D80 30829:884.176    -- Comparing range 0x401000 - 0x403FFF (3 Sectors, 12 KiB), using alternative multi-block CRC calculation
T2D80 30829:889.002    -- All CRCs match
T2D80 30829:889.109    -- End of comparing flash
T2D80 30829:889.186    -- Start of erasing sectors
T2D80 30829:889.266    -- Erasing range 0x00400000 - 0x00400FFF (  1 Sector, 4 KB)
T2D80 30829:912.829    -- Erasing range 0x00404000 - 0x0040BFFF (  8 Sectors, 32 KB)
T2D80 30830:086.496    -- Erasing range 0x0040C000 - 0x00413FFF (  8 Sectors, 32 KB)
T2D80 30830:251.364    -- Erasing range 0x00414000 - 0x0041BFFF (  8 Sectors, 32 KB)
T2D80 30830:413.480    -- Erasing range 0x0041C000 - 0x00421FFF (  6 Sectors, 24 KB)
T2D80 30830:528.681    -- End of erasing sectors
T2D80 30830:528.785    -- Start of flash programming
T2D80 30830:528.865    -- Programming range 0x00400000 - 0x00400FFF (  1 Sector, 4 KB)
T2D80 30830:528.966    -- Programming range 0x00404000 - 0x0040BFFF (  8 Sectors, 32 KB)
T2D80 30830:641.277    -- Programming range 0x0040C000 - 0x00413FFF (  8 Sectors, 32 KB)
T2D80 30830:757.549    -- Programming range 0x00414000 - 0x0041BFFF (  8 Sectors, 32 KB)
T2D80 30830:871.088    -- Programming range 0x0041C000 - 0x00421FFF (  6 Sectors, 24 KB)
T2D80 30830:955.737    -- End of flash programming
T2D80 30830:955.862    -- 0x400000 - 0x400FFF (  1 Sector, 4 KoB)
T2D80 30830:955.962    -- 0x404000 - 0x421FFF ( 30 Sectors, 120 KoB)
T2D80 30830:956.058    -- Start of restoring
T2D80 30830:956.154    -- Restoring RAMCode
T2D80 30830:977.768    -- Restoring target memory
T2D80 30831:010.782    -- Restore target
T2D80 30831:062.606    -- Restore memory
T2D80 30831:062.950    -- Restoring CPU registers
T2D80 30831:063.267    -- End of restoring
T2D80 30831:063.650    -- Bank 0 @ 0x00400000: 2 ranges affected (126976 bytes)
T2D80 30831:064.163    -- Total: 1.746s (Prepare: 0.553s, Compare: 0.017s, Erase: 0.639s, Program & Verify: 0.446s, Restore: 0.088s)
T2D80 30831:064.747    -- Program & Verify speed: 277 KiB/s
T2D80 30831:072.568 - 1757.790ms returns 126976 (0x1F000)
T2D80 30831:073.101 JLINK_ResetPullsRESET(ON)
T2D80 30831:073.904 - 0.942ms
T2D80 30831:074.212 JLINK_ResetNoHalt()
T2D80 30831:076.405   Found SW-DP with ID 0x2BA01477
T2D80 30831:079.165   DPIDR: 0x2BA01477
T2D80 30831:079.667   AP map detection skipped. Manually configured AP map found.
T2D80 30831:080.130   AP[0]: AHB-AP (IDR: Not set)
T2D80 30831:081.492   AP[0]: Core found
T2D80 30831:081.994   AP[0]: AHB-AP ROM base: 0xE00FF000
T2D80 30831:082.831   CPUID register: 0x410FC241. Implementer code: 0x41 (ARM)
T2D80 30831:083.318   Found Cortex-M4 r0p1, Little endian.
T2D80 30831:184.347   -- Max. mem block: 0x00004B48
T2D80 30831:184.468   CPU_ReadMem(4 bytes @ 0xE000EDF0)
T2D80 30831:184.873   CPU_ReadMem(4 bytes @ 0xE0002000)
T2D80 30831:185.353   FPUnit: 6 code (BP) slots and 2 literal slots
T2D80 30831:185.477   CPU_ReadMem(4 bytes @ 0xE000EDFC)
T2D80 30831:185.870   CPU_ReadMem(4 bytes @ 0xE0001000)
T2D80 30831:186.293   CPU_ReadMem(4 bytes @ 0xE000ED88)
T2D80 30831:186.724   CPU_WriteMem(4 bytes @ 0xE000ED88)
T2D80 30831:187.116   CPU_ReadMem(4 bytes @ 0xE000ED88)
T2D80 30831:187.456   CPU_WriteMem(4 bytes @ 0xE000ED88)
T2D80 30831:187.884   CoreSight components:
T2D80 30831:187.991   ROMTbl[0] @ E00FF000
T2D80 30831:188.125   CPU_ReadMem(64 bytes @ 0xE00FF000)
T2D80 30831:188.774   CPU_ReadMem(32 bytes @ 0xE000EFE0)
T2D80 30831:189.262   ROMTbl[0][0]: E000E000, CID: B105E00D, PID: 000BB00C SCS-M7
T2D80 30831:189.357   CPU_WriteMem(4 bytes @ 0xE0001000)
T2D80 30831:189.763   CPU_ReadMem(32 bytes @ 0xE0001FE0)
T2D80 30831:190.265   ROMTbl[0][1]: E0001000, CID: B105E00D, PID: 003BB002 DWT
T2D80 30831:190.374   CPU_ReadMem(32 bytes @ 0xE0002FE0)
T2D80 30831:190.907   ROMTbl[0][2]: E0002000, CID: B105E00D, PID: 002BB003 FPB
T2D80 30831:191.018   CPU_ReadMem(32 bytes @ 0xE0000FE0)
T2D80 30831:191.567   ROMTbl[0][3]: E0000000, CID: B105E00D, PID: 003BB001 ITM
T2D80 30831:191.669   CPU_ReadMem(32 bytes @ 0xE0040FE0)
T2D80 30831:192.502   ROMTbl[0][4]: E0040000, CID: B105900D, PID: 000BB9A1 TPIU
T2D80 30831:192.750   JLINK_Reset()
T2D80 30831:193.367     CPU_ReadMem(16 bytes @ 0x20000000)
T2D80 30831:193.980     CPU_WriteMem(16 bytes @ 0x20000000)
T2D80 30831:194.724     CPU_ReadMem(4 bytes @ 0xE000EDFC)
T2D80 30831:195.304     CPU_WriteMem(4 bytes @ 0xE000EDFC)
T2D80 30831:195.746     CPU_ReadMem(4 bytes @ 0xE0001000)
T2D80 30831:211.005     CPU_WriteMem(4 bytes @ 0xE000EDFC)
T2D80 30831:211.491     CPU_WriteMem(16 bytes @ 0x20000000)
T2D80 30831:214.247     CPU_WriteMem(4 bytes @ 0xE0002000)
T2D80 30831:214.735     CPU_ReadMem(4 bytes @ 0xE000EDFC)
T2D80 30831:215.162     CPU_ReadMem(4 bytes @ 0xE0001000)
T2D80 30831:215.630   - 22.915ms
T2D80 30831:215.698   JLINK_Go()
T2D80 30831:215.754     CPU_ReadMem(4 bytes @ 0xE0001000)
T2D80 30831:216.230     CPU_WriteMem(4 bytes @ 0xE0001004)
T2D80 30831:217.170   - 1.507ms
T2D80 30831:217.232 - 143.047ms
T2D80 30831:222.635 JLINK_Close()
T2D80 30831:235.313 - 12.774ms
T2D80 30831:235.451   
T2D80 30831:235.529   Closed
